
> nextjs@0.1.0 build
> next build

   Creating an optimized production build...
node.exe : 
At line:1 char:1
+ & "C:\Program 
Files\nodejs/node.exe" 
"C:\Program Files\nodejs/node_mo 
...
+ ~~~~~~~~~~~~~~~~~~~~~~~~~~~~~~~
~~~~~~~~~~~~~~~~~~~~~~~~~~~~~~~~~
~~~~~
    + CategoryInfo          : No 
   tSpecified: (:String) [], Re  
  moteException
    + FullyQualifiedErrorId : Na 
   tiveCommandError
 
> Build error occurred
Error: Page "/updates/[id]/page" 
cannot use both "use client" and 
export function 
"generateStaticParams()".
    at getPageStaticInfo (C:\User
s\juan\OneDrive\TAF\TAF_Website\T
AF_WEBv1\node_modules\next\dist\b
uild\analysis\get-page-static-inf
o.js:459:19)
    at async 
getStaticInfoIncludingLayouts (C:
\Users\juan\OneDrive\TAF\TAF_Webs
ite\TAF_WEBv1\node_modules\next\d
ist\build\entries.js:104:28)
    at async C:\Users\juan\OneDri
ve\TAF\TAF_Website\TAF_WEBv1\node
_modules\next\dist\build\entries.
js:394:32
    at async Promise.all (index 
13)
    at async Promise.all (index 
0)
    at async createEntrypoints (C
:\Users\juan\OneDrive\TAF\TAF_Web
site\TAF_WEBv1\node_modules\next\
dist\build\entries.js:524:5)
    at async Span.traceAsyncFn (C
:\Users\juan\OneDrive\TAF\TAF_Web
site\TAF_WEBv1\node_modules\next\
dist\trace\trace.js:105:20)
    at async webpackBuildImpl (C:
\Users\juan\OneDrive\TAF\TAF_Webs
ite\TAF_WEBv1\node_modules\next\d
ist\build\webpack-build\impl.js:1
02:25)
    at async webpackBuild (C:\Use
rs\juan\OneDrive\TAF\TAF_Website\
TAF_WEBv1\node_modules\next\dist\
build\webpack-build\index.js:137:
16)
    at async C:\Users\juan\OneDri
ve\TAF\TAF_Website\TAF_WEBv1\node
_modules\next\dist\build\index.js
:619:121
